hell
hell
hell
hell
hell
hell
hell
hell
hell
hell
hell
hell
hell
hell
hell
hell
hell
hell
hell
hell
hell
hell
hell
hell
hell
hell
helllllh
hell
hell
hell
hell
hell
hell
helllllh

helllllh

helllllh

helllllh

helllllh

helllllh
helllllh
hell
hell
hell
hell
hell
hell
helllllh

helllllh

helllllh

helllllh

helllllh

helllllh
helllllh
hell
hell
hell
hell
hell
hell
helllllh

helllllh

helllllh

helllllh

helllllh

helllllh
helllllh
hell
hell
hell
hell
hell
hell
helllllh

helllllh

helllllh

helllllh

helllllh

helllllh
helllllh
hell
hell
hell
hell
hell
hell
helllllh

helllllh

helllllh

helllllh

helllllh

helllllh
helllllh
hell
hell
hell
hell
hell
hell
helllllh

helllllh

helllllh

helllllh

helllllh

helllllh
helllllh
hell
hell
hell
hell
hell
hell
helllllh

helllllh

helllllh

helllllh

helllllh

helllllh
helllllh
hell
hell
hell
hell
hell
hell
helllllh

helllllh

helllllh

helllllh

helllllh

helllllh
helllllh
hell
hell
hell
hell
hell
hell
helllllh

helllllh

helllllh

helllllh

helllllh

helllllh
helllllh
hell
hell
hell
hell
hell
hell
helllllh

helllllh

helllllh

helllllh

helllllh

helllllh
helllllh
hell
hell
hell
hell
hell
hell
helllllh

helllllh

helllllh

helllllh

helllllh

helllllh
helllllh
hell
hell
hell
hell
hell
hell
helllllh

helllllh

helllllh

helllllh

helllllh

helllllh
helllllh
hell
hell
hell
hell
hell
hell
helllllh

helllllh

helllllh

helllllh

helllllh

helllllh
helllllh
hell
hell
hell
hell
hell
hell
helllllh

helllllh

helllllh

helllllh

helllllh

helllllh
helllllh
hell
hell
hell
hell
hell
hell
helllllh

helllllh

helllllh

helllllh

helllllh

helllllh
helllllh
hell
hell
hell
hell
hell
hell
helllllh

helllllh

helllllh

helllllh

helllllh

helllllh
helllllh
hell
hell
hell
hell
hell
hell
helllllh

helllllh

helllllh

helllllh

helllllh

helllllh
helllllh
hell
hell
hell
hell
hell
hell
helllllh

helllllh

helllllh

helllllh

helllllh

helllllh
helllllh
hell
hell
hell
hell
hell
hell
helllllh

helllllh

helllllh

helllllh

helllllh

helllllh
helllllh
hell
hell
hell
hell
hell
hell
helllllh

helllllh

helllllh

helllllh

helllllh

helllllh
helllllh
hell
hell
hell
hell
hell
hell
helllllh

helllllh

helllllh

helllllh

helllllh

helllllh
helllllh
hell
hell
hell
hell
hell
hell
helllllh

helllllh

helllllh

helllllh

helllllh

helllllh
helllllh
hell
hell
hell
hell
hell
hell
helllllh

helllllh

helllllh

helllllh

helllllh

helllllh
helllllh
hell
hell
hell
hell
hell
hell
helllllh

helllllh

helllllh

helllllh

helllllh

helllllh
helllllh
hell
hell
hell
hell
hell
hell
helllllh

helllllh

helllllh

helllllh

helllllh

helllllh
helllllh
hell
hell
hell
hell
hell
hell
helllllh

helllllh

helllllh

helllllh

helllllh

helllllh


